// Jest Snapshot v1, https://goo.gl/fbAQLP

exports[`CitiesList snapshot 1`] = `
<div
  className="cities tabs"
>
  <section
    className="locations container"
  >
    <ul
      className="locations__list tabs__list"
    >
      <li
        className="locations__item"
      >
        <a
          className="locations__item-link tabs__item
              tabs__item--active"
          href="#"
          onClick={[Function]}
        >
          <span>
            City1
          </span>
        </a>
      </li>
      <li
        className="locations__item"
      >
        <a
          className="locations__item-link tabs__item
              "
          href="#"
          onClick={[Function]}
        >
          <span>
            City2
          </span>
        </a>
      </li>
      <li
        className="locations__item"
      >
        <a
          className="locations__item-link tabs__item
              "
          href="#"
          onClick={[Function]}
        >
          <span>
            City3
          </span>
        </a>
      </li>
      <li
        className="locations__item"
      >
        <a
          className="locations__item-link tabs__item
              "
          href="#"
          onClick={[Function]}
        >
          <span>
            City4
          </span>
        </a>
      </li>
      <li
        className="locations__item"
      >
        <a
          className="locations__item-link tabs__item
              "
          href="#"
          onClick={[Function]}
        >
          <span>
            City5
          </span>
        </a>
      </li>
      <li
        className="locations__item"
      >
        <a
          className="locations__item-link tabs__item
              "
          href="#"
          onClick={[Function]}
        >
          <span>
            City6
          </span>
        </a>
      </li>
    </ul>
  </section>
</div>
`;
